// Jest Snapshot v1, https://goo.gl/fbAQLP

exports[`renders correctly 1`] = `
<section>
  <div
    className="symbol-container"
  >
    <img
      className="pic"
    />
    <svg
      className="arrow"
      fill="currentColor"
      height="1em"
      onClick={[Function]}
      stroke="currentColor"
      strokeWidth="0"
      style={
        Object {
          "color": undefined,
        }
      }
      viewBox="0 0 16 16"
      width="1em"
      xmlns="http://www.w3.org/2000/svg"
    >
      <path
        d="M8 0a8 8 0 1 1 0 16A8 8 0 0 1 8 0zM4.5 7.5a.5.5 0 0 0 0 1h5.793l-2.147 2.146a.5.5 0 0 0 .708.708l3-3a.5.5 0 0 0 0-.708l-3-3a.5.5 0 1 0-.708.708L10.293 7.5H4.5z"
      />
    </svg>
  </div>
  <div
    className="symbol-info"
  >
    <p>
      Name:
       
    </p>
    <p>
      Symbol:
       
    </p>
    <p>
      Rank:
       
    </p>
  </div>
  <div
    className="details-header"
  >
    <h3>
      Details About
       
       
      Crypto
    </h3>
  </div>
  <table>
    <tbody>
      <tr>
        <td
          className="title"
        >
          Current Price
        </td>
        <td
          className="result"
        />
      </tr>
      <tr>
        <td
          className="title"
        >
          Public Interest Score
        </td>
        <td
          className="result"
        />
      </tr>
      <tr>
        <td
          className="title"
        >
          Liquidity Score
        </td>
        <td
          className="result"
        />
      </tr>
      <tr>
        <td
          className="title"
        >
          Ath Percentage Change
        </td>
        <td
          className="result"
        />
      </tr>
      <tr>
        <td
          className="title"
        >
          Ath
        </td>
        <td
          className="result"
        />
      </tr>
      <tr>
        <td
          className="title"
        >
          High Market Data of 24h
        </td>
        <td
          className="result"
        />
      </tr>
      <tr>
        <td
          className="title"
        >
          Low Market Data of 24h
        </td>
        <td
          className="result"
        />
      </tr>
      <tr>
        <td
          className="title"
        >
          Market Cap 24h Change
        </td>
        <td
          className="result"
        />
      </tr>
      <tr>
        <td
          className="title"
        >
          Circulating Supply
        </td>
        <td
          className="result"
        />
      </tr>
      <tr>
        <td
          className="title"
        >
          Market Cap 24h Percentage Change
        </td>
        <td
          className="result"
        />
      </tr>
      <tr>
        <td
          className="title"
        >
          Max Supply
        </td>
        <td
          className="result"
        />
      </tr>
      <tr>
        <td
          className="title"
        >
          Price Change 24h
        </td>
        <td
          className="result"
        />
      </tr>
      <tr>
        <td
          className="title"
        >
          Sentiment Votes Up Percentage
        </td>
        <td
          className="result"
        />
      </tr>
      <tr>
        <td
          className="title"
        >
          Sentiment Votes Down Percentage
        </td>
        <td
          className="result"
        />
      </tr>
    </tbody>
  </table>
</section>
`;
